// Jest Snapshot v1, https://goo.gl/fbAQLP

exports[`<Button /> should render correctly  1`] = `
ShallowWrapper {
  Symbol(enzyme.__root__): [Circular],
  Symbol(enzyme.__unrendered__): <Button
    animated={false}
    disabled={false}
    onClick={null}
    type="button"
  >
    Hey, listen!!!
  </Button>,
  Symbol(enzyme.__renderer__): Object {
    "batchedUpdates": [Function],
    "getNode": [Function],
    "render": [Function],
    "simulateError": [Function],
    "simulateEvent": [Function],
    "unmount": [Function],
  },
  Symbol(enzyme.__node__): Object {
    "instance": null,
    "key": undefined,
    "nodeType": "function",
    "props": Object {
      "animated": false,
      "buttonType": "primary",
      "children": "Hey, listen!!!",
      "disabled": false,
      "hidden": false,
      "onClick": [Function],
      "type": "button",
    },
    "ref": null,
    "rendered": "Hey, listen!!!",
    "type": Object {
      "$$typeof": Symbol(react.forward_ref),
      "attrs": Array [],
      "componentStyle": ComponentStyle {
        "componentId": "sc-bdVaJa",
        "isStatic": false,
        "rules": Array [
          "
  width: 120px;
  background-color: ",
          [Function],
          ";
  font-family: quicksand;
  font-size: ",
          [Function],
          "px;
  font-weight: 500;
  text-align: center;
  border-radius: 4px;
  border: ",
          [Function],
          ";
  color: ",
          [Function],
          ";
  cursor: pointer;
  padding: 5px 15px 5px 15px;
  
  &:hover {
    ",
          [Function],
          ";
  };
  
  &:focus {
    outline: none;
  }
  
  ",
          [Function],
          ";
  
  @keyframes popAnimation {
    50% { transform: scale(1.2)  }
  }
  
  ",
          [Function],
          ";
",
        ],
      },
      "displayName": "styled.button",
      "foldedComponentIds": Array [],
      "render": [Function],
      "styledComponentId": "sc-bdVaJa",
      "target": "button",
      "toString": [Function],
      "warnTooManyClasses": [Function],
      "withComponent": [Function],
    },
  },
  Symbol(enzyme.__nodes__): Array [
    Object {
      "instance": null,
      "key": undefined,
      "nodeType": "function",
      "props": Object {
        "animated": false,
        "buttonType": "primary",
        "children": "Hey, listen!!!",
        "disabled": false,
        "hidden": false,
        "onClick": [Function],
        "type": "button",
      },
      "ref": null,
      "rendered": "Hey, listen!!!",
      "type": Object {
        "$$typeof": Symbol(react.forward_ref),
        "attrs": Array [],
        "componentStyle": ComponentStyle {
          "componentId": "sc-bdVaJa",
          "isStatic": false,
          "rules": Array [
            "
  width: 120px;
  background-color: ",
            [Function],
            ";
  font-family: quicksand;
  font-size: ",
            [Function],
            "px;
  font-weight: 500;
  text-align: center;
  border-radius: 4px;
  border: ",
            [Function],
            ";
  color: ",
            [Function],
            ";
  cursor: pointer;
  padding: 5px 15px 5px 15px;
  
  &:hover {
    ",
            [Function],
            ";
  };
  
  &:focus {
    outline: none;
  }
  
  ",
            [Function],
            ";
  
  @keyframes popAnimation {
    50% { transform: scale(1.2)  }
  }
  
  ",
            [Function],
            ";
",
          ],
        },
        "displayName": "styled.button",
        "foldedComponentIds": Array [],
        "render": [Function],
        "styledComponentId": "sc-bdVaJa",
        "target": "button",
        "toString": [Function],
        "warnTooManyClasses": [Function],
        "withComponent": [Function],
      },
    },
  ],
  Symbol(enzyme.__options__): Object {
    "adapter": ReactSixteenAdapter {
      "options": Object {
        "enableComponentDidUpdateOnSetState": true,
        "lifecycles": Object {
          "componentDidUpdate": Object {
            "onSetState": true,
          },
          "getDerivedStateFromProps": true,
          "getSnapshotBeforeUpdate": true,
          "setState": Object {
            "skipsComponentDidUpdateOnNullish": true,
          },
        },
      },
    },
  },
}
`;
